// Jest Snapshot v1, https://goo.gl/fbAQLP

exports[`Header component matches snapshot 1`] = `
<View
  style={
    {
      "alignItems": "center",
      "backgroundColor": "#e8f6f8",
      "borderBottomColor": "#d0e8f2",
      "borderBottomWidth": 1,
      "elevation": 0,
      "flexDirection": "row",
      "justifyContent": "space-between",
      "marginTop": 50,
      "paddingHorizontal": 20,
      "paddingVertical": 15,
      "shadowColor": "transparent",
      "width": "100%",
    }
  }
>
  <View
    accessibilityState={
      {
        "busy": undefined,
        "checked": undefined,
        "disabled": undefined,
        "expanded": undefined,
        "selected": undefined,
      }
    }
    accessibilityValue={
      {
        "max": undefined,
        "min": undefined,
        "now": undefined,
        "text": undefined,
      }
    }
    accessible={true}
    collapsable={false}
    focusable={true}
    onClick={[Function]}
    onResponderGrant={[Function]}
    onResponderMove={[Function]}
    onResponderRelease={[Function]}
    onResponderTerminate={[Function]}
    onResponderTerminationRequest={[Function]}
    onStartShouldSetResponder={[Function]}
    style={
      {
        "opacity": 1,
        "padding": 4,
      }
    }
    testID="header-back"
  >
    <Ionicons
      color="#333"
      name="arrow-back"
      size={24}
    />
  </View>
  <Text
    style={
      {
        "color": "#1e6091",
        "flex": 1,
        "fontFamily": "System",
        "fontSize": 20,
        "fontWeight": "700",
        "textAlign": "center",
      }
    }
  >
    Dashboard
  </Text>
  <View
    style={
      {
        "width": 24,
      }
    }
  />
</View>
`;
